// Jest Snapshot v1, https://goo.gl/fbAQLP

exports[`Compositions Navigation renders the Navigation correctly. 1`] = `
<Fragment>
  <li
    key="Dashboard"
  >
    <Component
      exact={true}
      name="Dashboard"
      path="/"
    />
  </li>
  <li
    key="Images"
  >
    <Component
      name="Images"
      path="/images"
    />
  </li>
  <styled.li
    key="Stacks"
  >
    <Component
      newStackRoute={
        Object {
          "name": "New Stack",
          "path": "/new-stack",
        }
      }
      stacksRoute={
        Object {
          "name": "Stacks",
          "path": "/stacks",
        }
      }
    />
  </styled.li>
</Fragment>
`;
