// Jest Snapshot v1, https://goo.gl/fbAQLP

exports[`Elements Label renders a label correctly. 1`] = `
<StyledComponent
  forwardedComponent={
    Object {
      "$$typeof": Symbol(react.forward_ref),
      "attrs": Array [],
      "componentStyle": ComponentStyle {
        "componentId": "sc-bdVaJa",
        "isStatic": true,
        "rules": Array [
          "
  font-family: ",
          "\\"Liip Etica Book\\", sans-serif",
          ";
  font-size: ",
          ".75rem",
          ";
  color: ",
          "#898A81",
          ";
  font-weight: ",
          "700",
          ";
",
        ],
      },
      "displayName": "styled.label",
      "foldedComponentIds": Array [],
      "render": [Function],
      "styledComponentId": "sc-bdVaJa",
      "target": "label",
      "toString": [Function],
      "warnTooManyClasses": [Function],
      "withComponent": [Function],
    }
  }
  forwardedRef={null}
>
  test
</StyledComponent>
`;
