// Jest Snapshot v1, https://goo.gl/fbAQLP

exports[`RequiredIndicator does render 1`] = `null`;

exports[`RequiredIndicator does render with required 1`] = `
<span>
   *
</span>
`;
