// Jest Snapshot v1, https://goo.gl/fbAQLP

exports[`Components FormGroup renders a form group correctly. 1`] = `
<styled.div>
  <styled.label>
    <styled.span>
      Label for input
    </styled.span>
    <styled.input
      placeholder="A placeholder"
    />
  </styled.label>
</styled.div>
`;
