// Jest Snapshot v1, https://goo.gl/fbAQLP

exports[`Autorotate does render 1`] = `
<div
  className="row"
>
  <div
    className="col-md-4"
  >
    <div
      className="rka-form-group"
    >
      <label
        className="rka-label"
        htmlFor={null}
      >
        Width
      </label>
      <input
        className="rka-input-txt"
        disabled={true}
        name="width"
        placeholder="width"
        type="text"
        value="1000"
      />
    </div>
  </div>
  <div
    className="col-md-4"
  >
    <div
      className="rka-form-group"
    >
      <label
        className="rka-label"
        htmlFor={null}
      >
        Height
      </label>
      <input
        className="rka-input-txt"
        disabled={true}
        name="height"
        placeholder="height"
        type="text"
        value="2000"
      />
    </div>
  </div>
  <div
    className="col-md-4"
  >
    <div
      className="rka-form-group"
    >
      <label
        className="rka-label"
        htmlFor={null}
      >
        Rotation direction
      </label>
      <select
        className="rka-select"
        disabled={true}
        name="rotation_direction"
        value="clockwise"
      >
        <option />
        <option
          value="clockwise"
        >
          clockwise
        </option>
        <option
          value="counterclockwise"
        >
          counterclockwise
        </option>
      </select>
    </div>
  </div>
</div>
`;
