// Jest Snapshot v1, https://goo.gl/fbAQLP

exports[`Elements GlobalStyle renders the global style correctly. 1`] = `<GlobalStyleComponent />`;
