// Jest Snapshot v1, https://goo.gl/fbAQLP

exports[`Compositions Header renders the header correctly. 1`] = `
<styled.header>
  <MobileMenuButton
    active={true}
    onClick={[Function]}
  />
  <HeaderLogo
    width="6em"
  />
  <HeaderNavigation
    onLogout={[MockFunction]}
    username="rokka-test"
  />
</styled.header>
`;
