// Jest Snapshot v1, https://goo.gl/fbAQLP

exports[`Components User renders a user correctly. 1`] = `
<styled.div>
  <styled.div>
    <AvatarIcon
      color="#588536"
      height="32px"
      width="32px"
    />
  </styled.div>
  <Styled(styled.span)>
    rokka-test
  </Styled(styled.span)>
</styled.div>
`;
