// Jest Snapshot v1, https://goo.gl/fbAQLP

exports[`Composition does render 1`] = `
<div
  className="row"
>
  <div
    className="col-md-6"
  >
    <div
      className="rka-form-group"
    >
      <label
        className="rka-label"
      >
        Width
      </label>
      <div
        className="rka-input-range-container clearfix"
      >
        <input
          className="rka-input-range"
          disabled={true}
          max={10000}
          min={1}
          name="width"
          onBlur={[Function]}
          onChange={[Function]}
          placeholder={undefined}
          type="range"
          value={1000}
        />
        <p>
          <span
            className="rka-input-range-min"
          >
            1
          </span>
          <span
            className="rka-input-range-current txt-bold is-disabled"
          >
            1000
          </span>
          <span
            className="rka-input-range-max"
          >
            10000
          </span>
        </p>
      </div>
    </div>
  </div>
  <div
    className="col-md-6"
  >
    <div
      className="rka-form-group"
    >
      <label
        className="rka-label"
      >
        Height
      </label>
      <div
        className="rka-input-range-container clearfix"
      >
        <input
          className="rka-input-range"
          disabled={true}
          max={10000}
          min={1}
          name="height"
          onBlur={[Function]}
          onChange={[Function]}
          placeholder={undefined}
          type="range"
          value={1000}
        />
        <p>
          <span
            className="rka-input-range-min"
          >
            1
          </span>
          <span
            className="rka-input-range-current txt-bold is-disabled"
          >
            1000
          </span>
          <span
            className="rka-input-range-max"
          >
            10000
          </span>
        </p>
      </div>
    </div>
  </div>
  <div
    className="col-md-6"
  >
    <div
      className="rka-form-group"
    >
      <label
        className="rka-label"
      >
        Mode
      </label>
      <select
        className="rka-select"
        disabled={true}
        name="mode"
        onChange={undefined}
        placeholder={undefined}
        value="foreground"
      >
        <option />
        <option
          value="foreground"
        >
          foreground
        </option>
      </select>
    </div>
  </div>
  <div
    className="col-md-6"
  >
    <div
      className="rka-form-group"
    >
      <label
        className="rka-label"
      >
        Anchor
      </label>
      <input
        className="rka-input-txt"
        disabled={true}
        name="anchor"
        onChange={undefined}
        placeholder="Anchor (default: auto)"
        type="text"
        value="center"
      />
    </div>
  </div>
  <div
    className="col-md-6"
  >
    <div
      className="rka-form-group"
    >
      <label
        className="rka-label"
      >
        Secondary Color
      </label>
      <div
        className="rka-form-group"
      >
        <input
          className="rka-input-txt"
          disabled={true}
          name="secondary_color"
          onClick={[Function]}
          placeholder="color (default: 000000)"
          readOnly={true}
          type="text"
          value="222222"
        />
      </div>
    </div>
  </div>
  <div
    className="col-md-6"
  >
    <div
      className="rka-form-group"
    >
      <label
        className="rka-label"
      >
        Secondary opacity
      </label>
      <div
        className="rka-input-range-container clearfix"
      >
        <input
          className="rka-input-range"
          disabled={true}
          max={100}
          min={0}
          name="secondary_opacity"
          onBlur={[Function]}
          onChange={[Function]}
          placeholder={undefined}
          type="range"
          value={100}
        />
        <p>
          <span
            className="rka-input-range-min"
          >
            0
          </span>
          <span
            className="rka-input-range-current txt-bold is-disabled"
          >
            100
          </span>
          <span
            className="rka-input-range-max"
          >
            100
          </span>
        </p>
      </div>
    </div>
  </div>
</div>
`;
