// Jest Snapshot v1, https://goo.gl/fbAQLP

exports[`Components LoadingIndicatingButton renders a button with a loading indicator correctly. 1`] = `
<Button
  disabled={true}
>
  <Spinner
    backgroundColor="#fff"
    small={true}
  />
</Button>
`;

exports[`Components LoadingIndicatingButton renders a normal button if loading is false, correctly. 1`] = `
<Button
  onClick={
    [MockFunction] {
      "calls": Array [
        Array [],
      ],
      "results": Array [
        Object {
          "isThrow": false,
          "value": undefined,
        },
      ],
    }
  }
>
  test
</Button>
`;
